#  - - - - - - - - - - - - - - - - - - - - - - - - - - - - - - - - - - - - - - - - - - - - - - - - - - - - - - - -
#   ______   ______   .___  ___. .______    __       _______ .___________. __    ______   .__   __.      _______.
#  /      | /  __  \  |   \/   | |   _  \  |  |     |   ____||           ||  |  /  __  \  |  \ |  |     /       |
# |  ,----'|  |  |  | |  \  /  | |  |_)  | |  |     |  |__   `---|  |----`|  | |  |  |  | |   \|  |    |   (----`
# |  |     |  |  |  | |  |\/|  | |   ___/  |  |     |   __|      |  |     |  | |  |  |  | |  . `  |     \   \
# |  `----.|  `--'  | |  |  |  | |  |      |  `----.|  |____     |  |     |  | |  `--'  | |  |\   | .----)   |
#  \______| \______/  |__|  |__| | _|      |_______||_______|    |__|     |__|  \______/  |__| \__| |_______/
# 
#  - - - - - - - - - - - - - - - - - - - - - - - - - - - - - - - - - - - - - - - - - - - - - - - - - - - - - - - -
