#  - - - - - - - - - - - - - - - - - - - - - - - - - - - - - - - - - - - - - - - -
#  _______ ___   ___ .______     ______   .______      .___________.     _______.
# |   ____|\  \ /  / |   _  \   /  __  \  |   _  \     |           |    /       |
# |  |__    \  V  /  |  |_)  | |  |  |  | |  |_)  |    `---|  |----`   |   (----`
# |   __|    >   <   |   ___/  |  |  |  | |      /         |  |         \   \
# |  |____  /  .  \  |  |      |  `--'  | |  |\  \----.    |  |     .----)   |
# |_______|/__/ \__\ | _|       \______/  | _| `._____|    |__|     |_______/
# 
#  - - - - - - - - - - - - - - - - - - - - - - - - - - - - - - - - - - - - - - - -
